// Jest Snapshot v1, https://goo.gl/fbAQLP

exports[`<AppButton /> should match snapshot 1`] = `
<button
  class="btn btn-primary"
  type="button"
>
  load more
</button>
`;
